// Vitest Snapshot v1, https://vitest.dev/guide/snapshot.html

exports[`Dropdown > should match snapshot 1`] = `
<DocumentFragment>
  <div
    class="ant-layout css-dev-only-do-not-override-1iftmj9 css-var-root"
    style="row-gap: 10px; gap: 10px;"
  >
    <button
      class="ant-btn css-dev-only-do-not-override-1iftmj9 css-var-root ant-btn-default ant-btn-color-default ant-btn-variant-outlined ant-dropdown-trigger"
      type="button"
    >
      <span>
        test
      </span>
    </button>
  </div>
</DocumentFragment>
`;
