// Vitest Snapshot v1, https://vitest.dev/guide/snapshot.html

exports[`Page Title > should match snapshot 1`] = `
<DocumentFragment>
  <h1
    class="ant-typography css-dev-only-do-not-override-oc1rc0 css-var-root"
  >
    Test Title
  </h1>
  <span
    class="ant-typography ant-typography-secondary css-dev-only-do-not-override-oc1rc0 css-var-root"
  >
    Test sub text
  </span>
</DocumentFragment>
`;
