// Vitest Snapshot v1, https://vitest.dev/guide/snapshot.html

exports[`App > should render correctly 1`] = `
<DocumentFragment>
  <h1
    class="ant-typography css-dev-only-do-not-override-3uaqrl css-var-root"
  >
    Data Converter
  </h1>
  <span
    class="ant-typography ant-typography-secondary css-dev-only-do-not-override-3uaqrl css-var-root"
  >
    Convert data between different formats.
  </span>
  <article
    class="ant-typography css-dev-only-do-not-override-3uaqrl css-var-root"
  >
    From Format
  </article>
  <div
    class="ant-row css-dev-only-do-not-override-3uaqrl css-var-root"
  >
    <div
      class="ant-layout css-dev-only-do-not-override-3uaqrl css-var-root"
      style="row-gap: 10px; gap: 10px;"
    >
      <button
        class="ant-btn css-dev-only-do-not-override-3uaqrl css-var-root ant-btn-default ant-btn-color-default ant-btn-variant-outlined ant-dropdown-trigger"
        type="button"
      >
        <span>
          json
        </span>
      </button>
    </div>
    <button
      class="ant-btn css-dev-only-do-not-override-3uaqrl css-var-root ant-btn-default ant-btn-color-default ant-btn-variant-outlined"
      type="button"
    >
      <span>
        Toggle Autodetect
      </span>
    </button>
  </div>
  <textarea
    class="ant-input css-dev-only-do-not-override-3uaqrl ant-input-outlined css-var-root ant-input-css-var"
    placeholder="Input Data"
    rows="10"
  />
  <div
    class="ant-layout css-dev-only-do-not-override-3uaqrl css-var-root"
    style="row-gap: 10px; gap: 10px;"
  >
    <button
      class="ant-btn css-dev-only-do-not-override-3uaqrl css-var-root ant-btn-default ant-btn-color-default ant-btn-variant-outlined ant-dropdown-trigger"
      type="button"
    >
      <span>
        json
      </span>
    </button>
  </div>
  <article
    class="ant-typography css-dev-only-do-not-override-3uaqrl css-var-root"
  >
    To Format
  </article>
  <div
    class="ant-row css-dev-only-do-not-override-3uaqrl css-var-root"
    style="padding: 10px;"
  >
    <div
      class="ant-col ant-col-8 css-dev-only-do-not-override-3uaqrl css-var-root"
      style="padding: 5px;"
    >
      <div
        class="ant-card ant-card-bordered css-dev-only-do-not-override-3uaqrl css-var-root"
      >
        <div
          class="ant-card-body"
        >
          <article
            class="ant-typography css-dev-only-do-not-override-3uaqrl css-var-root"
          >
            JSON
          </article>
          <button
            class="ant-btn css-dev-only-do-not-override-3uaqrl css-var-root ant-btn-default ant-btn-color-default ant-btn-variant-outlined"
            type="button"
          >
            <span>
              Copy JSON
            </span>
          </button>
          <button
            class="ant-btn css-dev-only-do-not-override-3uaqrl css-var-root ant-btn-default ant-btn-color-default ant-btn-variant-outlined"
            type="button"
          >
            <span>
              Download JSON
            </span>
          </button>
        </div>
      </div>
    </div>
    <div
      class="ant-col ant-col-8 css-dev-only-do-not-override-3uaqrl css-var-root"
      style="padding: 5px;"
    >
      <div
        class="ant-card ant-card-bordered css-dev-only-do-not-override-3uaqrl css-var-root"
      >
        <div
          class="ant-card-body"
        >
          <article
            class="ant-typography css-dev-only-do-not-override-3uaqrl css-var-root"
          >
            CSV
          </article>
          <button
            class="ant-btn css-dev-only-do-not-override-3uaqrl css-var-root ant-btn-default ant-btn-color-default ant-btn-variant-outlined"
            type="button"
          >
            <span>
              Copy CSV
            </span>
          </button>
          <button
            class="ant-btn css-dev-only-do-not-override-3uaqrl css-var-root ant-btn-default ant-btn-color-default ant-btn-variant-outlined"
            type="button"
          >
            <span>
              Download CSV
            </span>
          </button>
        </div>
      </div>
    </div>
    <div
      class="ant-col ant-col-8 css-dev-only-do-not-override-3uaqrl css-var-root"
      style="padding: 5px;"
    >
      <div
        class="ant-card ant-card-bordered css-dev-only-do-not-override-3uaqrl css-var-root"
      >
        <div
          class="ant-card-body"
        >
          <article
            class="ant-typography css-dev-only-do-not-override-3uaqrl css-var-root"
          >
            TSV
          </article>
          <button
            class="ant-btn css-dev-only-do-not-override-3uaqrl css-var-root ant-btn-default ant-btn-color-default ant-btn-variant-outlined"
            type="button"
          >
            <span>
              Copy TSV
            </span>
          </button>
          <button
            class="ant-btn css-dev-only-do-not-override-3uaqrl css-var-root ant-btn-default ant-btn-color-default ant-btn-variant-outlined"
            type="button"
          >
            <span>
              Download TSV
            </span>
          </button>
        </div>
      </div>
    </div>
  </div>
  <div
    class="ant-skeleton ant-skeleton-element ant-skeleton-active ant-skeleton-block css-dev-only-do-not-override-3uaqrl css-var-root"
  >
    <span
      class="ant-skeleton-input ant-skeleton-input-lg"
      style="height: 40vh;"
    />
  </div>
</DocumentFragment>
`;
