// Vitest Snapshot v1, https://vitest.dev/guide/snapshot.html

exports[`App > should render correctly 1`] = `
<DocumentFragment>
  <h1
    class="ant-typography css-dev-only-do-not-override-3uaqrl css-var-root"
  >
    Data Converter
  </h1>
  <span
    class="ant-typography ant-typography-secondary css-dev-only-do-not-override-3uaqrl css-var-root"
  >
    Convert data between different formats.
  </span>
  <article
    class="ant-typography css-dev-only-do-not-override-3uaqrl css-var-root"
  >
    From Format
  </article>
  <div
    class="ant-row css-dev-only-do-not-override-3uaqrl css-var-root"
  >
    <div
      class="ant-layout css-dev-only-do-not-override-3uaqrl css-var-root"
      style="row-gap: 10px; gap: 10px;"
    >
      <button
        class="ant-btn css-dev-only-do-not-override-3uaqrl css-var-root ant-btn-default ant-btn-color-default ant-btn-variant-outlined ant-dropdown-trigger"
        type="button"
      >
        <span>
          json
        </span>
      </button>
    </div>
    <button
      class="ant-btn css-dev-only-do-not-override-3uaqrl css-var-root ant-btn-default ant-btn-color-default ant-btn-variant-outlined"
      type="button"
    >
      <span>
        Toggle Autodetect
      </span>
    </button>
  </div>
  <textarea
    class="ant-input css-dev-only-do-not-override-3uaqrl ant-input-outlined css-var-root ant-input-css-var"
    placeholder="Input Data"
    rows="10"
  />
  <div
    class="ant-layout css-dev-only-do-not-override-3uaqrl css-var-root"
    style="row-gap: 10px; gap: 10px;"
  >
    <button
      class="ant-btn css-dev-only-do-not-override-3uaqrl css-var-root ant-btn-default ant-btn-color-default ant-btn-variant-outlined ant-dropdown-trigger"
      type="button"
    >
      <span>
        json
      </span>
    </button>
  </div>
  <article
    class="ant-typography css-dev-only-do-not-override-3uaqrl css-var-root"
  >
    To Format
  </article>
  <div
    class="ant-flex css-dev-only-do-not-override-3uaqrl css-var-root ant-flex-align-center ant-flex-justify-center ant-flex-gap-middle"
    dir="column"
  >
    <div
      aria-busy="true"
      aria-live="polite"
      class="ant-spin ant-spin-lg ant-spin-spinning css-dev-only-do-not-override-3uaqrl css-var-root"
    >
      <span
        aria-label="loading"
        class="anticon anticon-loading anticon-spin ant-spin-dot"
        role="img"
      >
        <svg
          aria-hidden="true"
          data-icon="loading"
          fill="currentColor"
          focusable="false"
          height="1em"
          viewBox="0 0 1024 1024"
          width="1em"
        >
          <path
            d="M988 548c-19.9 0-36-16.1-36-36 0-59.4-11.6-117-34.6-171.3a440.45 440.45 0 00-94.3-139.9 437.71 437.71 0 00-139.9-94.3C629 83.6 571.4 72 512 72c-19.9 0-36-16.1-36-36s16.1-36 36-36c69.1 0 136.2 13.5 199.3 40.3C772.3 66 827 103 874 150c47 47 83.9 101.8 109.7 162.7 26.7 63.1 40.2 130.2 40.2 199.3.1 19.9-16 36-35.9 36z"
          />
        </svg>
      </span>
    </div>
    <article
      class="ant-typography css-dev-only-do-not-override-3uaqrl css-var-root"
    >
      Loading...
    </article>
  </div>
</DocumentFragment>
`;
